Archive member included to satisfy reference by file (symbol)

D:/STM32CubeIDE_1.19.0/STM32CubeIDE/plugins/com.st.stm32cube.ide.mcu.externaltools.gnu-tools-for-stm32.13.3.rel1.win32_1.0.0.202411081344/tools/bin/../lib/gcc/arm-none-eabi/13.3.1/../../../../arm-none-eabi/lib/thumb/v7e-m+fp/hard\libc_nano.a(libc_a-exit.o)
                              D:/STM32CubeIDE_1.19.0/STM32CubeIDE/plugins/com.st.stm32cube.ide.mcu.externaltools.gnu-tools-for-stm32.13.3.rel1.win32_1.0.0.202411081344/tools/bin/../lib/gcc/arm-none-eabi/13.3.1/../../../../arm-none-eabi/lib/thumb/v7e-m+fp/hard/crt0.o (exit)
D:/STM32CubeIDE_1.19.0/STM32CubeIDE/plugins/com.st.stm32cube.ide.mcu.externaltools.gnu-tools-for-stm32.13.3.rel1.win32_1.0.0.202411081344/tools/bin/../lib/gcc/arm-none-eabi/13.3.1/../../../../arm-none-eabi/lib/thumb/v7e-m+fp/hard\libc_nano.a(libc_a-findfp.o)
                              D:/STM32CubeIDE_1.19.0/STM32CubeIDE/plugins/com.st.stm32cube.ide.mcu.externaltools.gnu-tools-for-stm32.13.3.rel1.win32_1.0.0.202411081344/tools/bin/../lib/gcc/arm-none-eabi/13.3.1/../../../../arm-none-eabi/lib/thumb/v7e-m+fp/hard\libc_nano.a(libc_a-exit.o) (__stdio_exit_handler)
D:/STM32CubeIDE_1.19.0/STM32CubeIDE/plugins/com.st.stm32cube.ide.mcu.externaltools.gnu-tools-for-stm32.13.3.rel1.win32_1.0.0.202411081344/tools/bin/../lib/gcc/arm-none-eabi/13.3.1/../../../../arm-none-eabi/lib/thumb/v7e-m+fp/hard\libc_nano.a(libc_a-fwalk.o)
                              D:/STM32CubeIDE_1.19.0/STM32CubeIDE/plugins/com.st.stm32cube.ide.mcu.externaltools.gnu-tools-for-stm32.13.3.rel1.win32_1.0.0.202411081344/tools/bin/../lib/gcc/arm-none-eabi/13.3.1/../../../../arm-none-eabi/lib/thumb/v7e-m+fp/hard\libc_nano.a(libc_a-findfp.o) (_fwalk_sglue)
D:/STM32CubeIDE_1.19.0/STM32CubeIDE/plugins/com.st.stm32cube.ide.mcu.externaltools.gnu-tools-for-stm32.13.3.rel1.win32_1.0.0.202411081344/tools/bin/../lib/gcc/arm-none-eabi/13.3.1/../../../../arm-none-eabi/lib/thumb/v7e-m+fp/hard\libc_nano.a(libc_a-stdio.o)
                              D:/STM32CubeIDE_1.19.0/STM32CubeIDE/plugins/com.st.stm32cube.ide.mcu.externaltools.gnu-tools-for-stm32.13.3.rel1.win32_1.0.0.202411081344/tools/bin/../lib/gcc/arm-none-eabi/13.3.1/../../../../arm-none-eabi/lib/thumb/v7e-m+fp/hard\libc_nano.a(libc_a-findfp.o) (__sread)
D:/STM32CubeIDE_1.19.0/STM32CubeIDE/plugins/com.st.stm32cube.ide.mcu.externaltools.gnu-tools-for-stm32.13.3.rel1.win32_1.0.0.202411081344/tools/bin/../lib/gcc/arm-none-eabi/13.3.1/../../../../arm-none-eabi/lib/thumb/v7e-m+fp/hard\libc_nano.a(libc_a-memset.o)
                              D:/STM32CubeIDE_1.19.0/STM32CubeIDE/plugins/com.st.stm32cube.ide.mcu.externaltools.gnu-tools-for-stm32.13.3.rel1.win32_1.0.0.202411081344/tools/bin/../lib/gcc/arm-none-eabi/13.3.1/../../../../arm-none-eabi/lib/thumb/v7e-m+fp/hard/crt0.o (memset)
D:/STM32CubeIDE_1.19.0/STM32CubeIDE/plugins/com.st.stm32cube.ide.mcu.externaltools.gnu-tools-for-stm32.13.3.rel1.win32_1.0.0.202411081344/tools/bin/../lib/gcc/arm-none-eabi/13.3.1/../../../../arm-none-eabi/lib/thumb/v7e-m+fp/hard\libc_nano.a(libc_a-closer.o)
                              D:/STM32CubeIDE_1.19.0/STM32CubeIDE/plugins/com.st.stm32cube.ide.mcu.externaltools.gnu-tools-for-stm32.13.3.rel1.win32_1.0.0.202411081344/tools/bin/../lib/gcc/arm-none-eabi/13.3.1/../../../../arm-none-eabi/lib/thumb/v7e-m+fp/hard\libc_nano.a(libc_a-stdio.o) (_close_r)
D:/STM32CubeIDE_1.19.0/STM32CubeIDE/plugins/com.st.stm32cube.ide.mcu.externaltools.gnu-tools-for-stm32.13.3.rel1.win32_1.0.0.202411081344/tools/bin/../lib/gcc/arm-none-eabi/13.3.1/../../../../arm-none-eabi/lib/thumb/v7e-m+fp/hard\libc_nano.a(libc_a-reent.o)
                              D:/STM32CubeIDE_1.19.0/STM32CubeIDE/plugins/com.st.stm32cube.ide.mcu.externaltools.gnu-tools-for-stm32.13.3.rel1.win32_1.0.0.202411081344/tools/bin/../lib/gcc/arm-none-eabi/13.3.1/../../../../arm-none-eabi/lib/thumb/v7e-m+fp/hard\libc_nano.a(libc_a-closer.o) (errno)
D:/STM32CubeIDE_1.19.0/STM32CubeIDE/plugins/com.st.stm32cube.ide.mcu.externaltools.gnu-tools-for-stm32.13.3.rel1.win32_1.0.0.202411081344/tools/bin/../lib/gcc/arm-none-eabi/13.3.1/../../../../arm-none-eabi/lib/thumb/v7e-m+fp/hard\libc_nano.a(libc_a-impure.o)
                              D:/STM32CubeIDE_1.19.0/STM32CubeIDE/plugins/com.st.stm32cube.ide.mcu.externaltools.gnu-tools-for-stm32.13.3.rel1.win32_1.0.0.202411081344/tools/bin/../lib/gcc/arm-none-eabi/13.3.1/../../../../arm-none-eabi/lib/thumb/v7e-m+fp/hard\libc_nano.a(libc_a-reent.o) (_impure_ptr)
D:/STM32CubeIDE_1.19.0/STM32CubeIDE/plugins/com.st.stm32cube.ide.mcu.externaltools.gnu-tools-for-stm32.13.3.rel1.win32_1.0.0.202411081344/tools/bin/../lib/gcc/arm-none-eabi/13.3.1/../../../../arm-none-eabi/lib/thumb/v7e-m+fp/hard\libc_nano.a(libc_a-lseekr.o)
[...]
Memory Configuration

Name             Origin             Length             Attributes
CCMRAM           0x10000000         0x00010000         xrw
RAM              0x20000000         0x00020000         xrw
FLASH            0x08000000         0x00100000         xr
*default*        0x00000000         0xffffffff

Linker script and memory map

LOAD D:/STM32CubeIDE_1.19.0/STM32CubeIDE/plugins/com.st.stm32cube.ide.mcu.externaltools.gnu-tools-for-stm32.13.3.rel1.win32_1.0.0.202411081344/tools/bin/../lib/gcc/arm-none-eabi/13.3.1/thumb/v7e-m+fp/hard/crti.o
LOAD D:/STM32CubeIDE_1.19.0/STM32CubeIDE/plugins/com.st.stm32cube.ide.mcu.externaltools.gnu-tools-for-stm32.13.3.rel1.win32_1.0.0.202411081344/tools/bin/../lib/gcc/arm-none-eabi/13.3.1/thumb/v7e-m+fp/hard/crtbegin.o
LOAD D:/STM32CubeIDE_1.19.0/STM32CubeIDE/plugins/com.st.stm32cube.ide.mcu.externaltools.gnu-tools-for-stm32.13.3.rel1.win32_1.0.0.202411081344/tools/bin/../lib/gcc/arm-none-eabi/13.3.1/../../../../arm-none-eabi/lib/thumb/v7e-m+fp/hard/crt0.o
LOAD ./Core/Src/main.o
LOAD ./Core/Src/stm32f4xx_hal_msp.o
LOAD ./Core/Src/stm32f4xx_it.o
LOAD ./Core/Src/syscalls.o
LOAD ./Core/Src/sysmem.o
LOAD ./Core/Src/system_stm32f4xx.o
LOAD ./Core/Startup/startup_stm32f407vgtx.o
LOAD ./Drivers/STM32F4xx_HAL_Driver/Src/stm32f4xx_hal.o
LOAD ./Drivers/STM32F4xx_HAL_Driver/Src/stm32f4xx_hal_adc.o
LOAD ./Drivers/STM32F4xx_HAL_Driver/Src/stm32f4xx_hal_adc_ex.o
LOAD ./Drivers/STM32F4xx_HAL_Driver/Src/stm32f4xx_hal_cortex.o
LOAD ./Drivers/STM32F4xx_HAL_Driver/Src/stm32f4xx_hal_dma.o
LOAD ./Drivers/STM32F4xx_HAL_Driver/Src/stm32f4xx_hal_dma_ex.o
LOAD ./Drivers/STM32F4xx_HAL_Driver/Src/stm32f4xx_hal_exti.o
LOAD ./Drivers/STM32F4xx_HAL_Driver/Src/stm32f4xx_hal_flash.o
LOAD ./Drivers/STM32F4xx_HAL_Driver/Src/stm32f4xx_hal_flash_ex.o
LOAD ./Drivers/STM32F4xx_HAL_Driver/Src/stm32f4xx_hal_flash_ramfunc.o
LOAD ./Drivers/STM32F4xx_HAL_Driver/Src/stm32f4xx_hal_gpio.o
LOAD ./Drivers/STM32F4xx_HAL_Driver/Src/stm32f4xx_hal_pwr.o
LOAD ./Drivers/STM32F4xx_HAL_Driver/Src/stm32f4xx_hal_pwr_ex.o
LOAD ./Drivers/STM32F4xx_HAL_Driver/Src/stm32f4xx_hal_rcc.o
LOAD ./Drivers/STM32F4xx_HAL_Driver/Src/stm32f4xx_hal_rcc_ex.o
LOAD ./Drivers/STM32F4xx_HAL_Driver/Src/stm32f4xx_ll_adc.o
START GROUP
LOAD D:/STM32CubeIDE_1.19.0/STM32CubeIDE/plugins/com.st.stm32cube.ide.mcu.externaltools.gnu-tools-for-stm32.13.3.rel1.win32_1.0.0.202411081344/tools/bin/../lib/gcc/arm-none-eabi/13.3.1/../../../../arm-none-eabi/lib/thumb/v7e-m+fp/hard\libc_nano.a
LOAD D:/STM32CubeIDE_1.19.0/STM32CubeIDE/plugins/com.st.stm32cube.ide.mcu.externaltools.gnu-tools-for-stm32.13.3.rel1.win32_1.0.0.202411081344/tools/bin/../lib/gcc/arm-none-eabi/13.3.1/../../../../arm-none-eabi/lib/thumb/v7e-m+fp/hard\libm.a
END GROUP
START GROUP
LOAD D:/STM32CubeIDE_1.19.0/STM32CubeIDE/plugins/com.st.stm32cube.ide.mcu.externaltools.gnu-tools-for-stm32.13.3.rel1.win32_1.0.0.202411081344/tools/bin/../lib/gcc/arm-none-eabi/13.3.1/thumb/v7e-m+fp/hard\libgcc.a
LOAD D:/STM32CubeIDE_1.19.0/STM32CubeIDE/plugins/com.st.stm32cube.ide.mcu.externaltools.gnu-tools-for-stm32.13.3.rel1.win32_1.0.0.202411081344/tools/bin/../lib/gcc/arm-none-eabi/13.3.1/../../../../arm-none-eabi/lib/thumb/v7e-m+fp/hard\libc_nano.a
END GROUP
START GROUP
LOAD D:/STM32CubeIDE_1.19.0/STM32CubeIDE/plugins/com.st.stm32cube.ide.mcu.externaltools.gnu-tools-for-stm32.13.3.rel1.win32_1.0.0.202411081344/tools/bin/../lib/gcc/arm-none-eabi/13.3.1/thumb/v7e-m+fp/hard\libgcc.a
LOAD D:/STM32CubeIDE_1.19.0/STM32CubeIDE/plugins/com.st.stm32cube.ide.mcu.externaltools.gnu-tools-for-stm32.13.3.rel1.win32_1.0.0.202411081344/tools/bin/../lib/gcc/arm-none-eabi/13.3.1/../../../../arm-none-eabi/lib/thumb/v7e-m+fp/hard\libc_nano.a
LOAD D:/STM32CubeIDE_1.19.0/STM32CubeIDE/plugins/com.st.stm32cube.ide.mcu.externaltools.gnu-tools-for-stm32.13.3.rel1.win32_1.0.0.202411081344/tools/bin/../lib/gcc/arm-none-eabi/13.3.1/../../../../arm-none-eabi/lib/thumb/v7e-m+fp/hard\libnosys.a
END GROUP
START GROUP
LOAD D:/STM32CubeIDE_1.19.0/STM32CubeIDE/plugins/com.st.stm32cube.ide.mcu.externaltools.gnu-tools-for-stm32.13.3.rel1.win32_1.0.0.202411081344/tools/bin/../lib/gcc/arm-none-eabi/13.3.1/thumb/v7e-m+fp/hard\libgcc.a
LOAD D:/STM32CubeIDE_1.19.0/STM32CubeIDE/plugins/com.st.stm32cube.ide.mcu.externaltools.gnu-tools-for-stm32.13.3.rel1.win32_1.0.0.202411081344/tools/bin/../lib/gcc/arm-none-eabi/13.3.1/../../../../arm-none-eabi/lib/thumb/v7e-m+fp/hard\libc_nano.a
LOAD D:/STM32CubeIDE_1.19.0/STM32CubeIDE/plugins/com.st.stm32cube.ide.mcu.externaltools.gnu-tools-for-stm32.13.3.rel1.win32_1.0.0.202411081344/tools/bin/../lib/gcc/arm-none-eabi/13.3.1/../../../../arm-none-eabi/lib/thumb/v7e-m+fp/hard\libnosys.a
END GROUP
LOAD D:/STM32CubeIDE_1.19.0/STM32CubeIDE/plugins/com.st.stm32cube.ide.mcu.externaltools.gnu-tools-for-stm32.13.3.rel1.win32_1.0.0.202411081344/tools/bin/../lib/gcc/arm-none-eabi/13.3.1/thumb/v7e-m+fp/hard/crtend.o
LOAD D:/STM32CubeIDE_1.19.0/STM32CubeIDE/plugins/com.st.stm32cube.ide.mcu.externaltools.gnu-tools-for-stm32.13.3.rel1.win32_1.0.0.202411081344/tools/bin/../lib/gcc/arm-none-eabi/13.3.1/thumb/v7e-m+fp/hard/crtn.o
                0x20020000                        _estack = (ORIGIN (RAM) + LENGTH (RAM))
                0x00000200                        _Min_Heap_Size = 0x200
                0x00000400                        _Min_Stack_Size = 0x400

.isr_vector     0x08000000      0x188
                0x08000000                        . = ALIGN (0x4)
 *(.isr_vector)
 .isr_vector    0x08000000      0x188 ./Core/Startup/startup_stm32f407vgtx.o
                0x08000000                g_pfnVectors
                0x08000188                        . = ALIGN (0x4)

.text           0x08000188     0x23e4
                0x08000188                        . = ALIGN (0x4)
 *(.text)
 .text          0x08000188       0x40 D:/STM32CubeIDE_1.19.0/STM32CubeIDE/plugins/com.st.stm32cube.ide.mcu.externaltools.gnu-tools-for-stm32.13.3.rel1.win32_1.0.0.202411081344/tools/bin/../lib/gcc/arm-none-eabi/13.3.1/thumb/v7e-m+fp/hard/crtbegin.o
 .text          0x080001c8       0x30 D:/STM32CubeIDE_1.19.0/STM32CubeIDE/plugins/com.st.stm32cube.ide.mcu.externaltools.gnu-tools-for-stm32.13.3.rel1.win32_1.0.0.202411081344/tools/bin/../lib/gcc/arm-none-eabi/13.3.1/thumb/v7e-m+fp/hard\libgcc.a(_aeabi_uldivmod.o)
                0x080001c8                __aeabi_uldivmod
 .text          0x080001f8      0x2f8 D:/STM32CubeIDE_1.19.0/STM32CubeIDE/plugins/com.st.stm32cube.ide.mcu.externaltools.gnu-tools-for-stm32.13.3.rel1.win32_1.0.0.202411081344/tools/bin/../lib/gcc/arm-none-eabi/13.3.1/thumb/v7e-m+fp/hard\libgcc.a(_udivmoddi4.o)
                0x080001f8                __udivmoddi4
 .text          0x080004f0        0x4 D:/STM32CubeIDE_1.19.0/STM32CubeIDE/plugins/com.st.stm32cube.ide.mcu.externaltools.gnu-tools-for-stm32.13.3.rel1.win32_1.0.0.202411081344/tools/bin/../lib/gcc/arm-none-eabi/13.3.1/thumb/v7e-m+fp/hard\libgcc.a(_dvmd_tls.o)
                0x080004f0                __aeabi_idiv0
                0x080004f0                __aeabi_ldiv0
 *(.text*)
 .text.main     0x080004f4      0x110 ./Core/Src/main.o
                0x080004f4                main
 .text.SystemClock_Config
                0x08000604       0xbc ./Core/Src/main.o
                0x08000604                SystemClock_Config
 .text.MX_ADC1_Init
                0x080006c0       0xa4 ./Core/Src/main.o
 .text.MX_GPIO_Init
                0x08000764       0x88 ./Core/Src/main.o
 .text.Error_Handler
                0x080007ec        0xc ./Core/Src/main.o
                0x080007ec                Error_Handler
 .text.HAL_MspInit
                0x080007f8       0x50 ./Core/Src/stm32f4xx_hal_msp.o
                0x080007f8                HAL_MspInit
 .text.HAL_ADC_MspInit
                0x08000848       0x98 ./Core/Src/stm32f4xx_hal_msp.o
                0x08000848                HAL_ADC_MspInit
 .text.NMI_Handler
                0x080008e0        0x8 ./Core/Src/stm32f4xx_it.o
                0x080008e0                NMI_Handler
 .text.HardFault_Handler
                0x080008e8        0x8 ./Core/Src/stm32f4xx_it.o
                0x080008e8                HardFault_Handler
 .text.MemManage_Handler
                0x080008f0        0x8 ./Core/Src/stm32f4xx_it.o
                0x080008f0                MemManage_Handler
 .text.BusFault_Handler
                0x080008f8        0x8 ./Core/Src/stm32f4xx_it.o
                0x080008f8                BusFault_Handler
 .text.UsageFault_Handler
                0x08000900        0x8 ./Core/Src/stm32f4xx_it.o
                0x08000900                UsageFault_Handler
 .text.SVC_Handler
                0x08000908        0xe ./Core/Src/stm32f4xx_it.o
                0x08000908                SVC_Handler
 .text.DebugMon_Handler
                0x08000916        0xe ./Core/Src/stm32f4xx_it.o
                0x08000916                DebugMon_Handler
 .text.PendSV_Handler
                0x08000924        0xe ./Core/Src/stm32f4xx_it.o
                0x08000924                PendSV_Handler
 .text.SysTick_Handler
                0x08000932        0xc ./Core/Src/stm32f4xx_it.o
                0x08000932                SysTick_Handler
 *fill*         0x0800093e        0x2 
 .text.ADC_IRQHandler
                0x08000940       0x14 ./Core/Src/stm32f4xx_it.o
                0x08000940                ADC_IRQHandler
 .text.SystemInit
                0x08000954       0x24 ./Core/Src/system_stm32f4xx.o
                0x08000954                SystemInit
 .text.Reset_Handler
                0x08000978       0x50 ./Core/Startup/startup_stm32f407vgtx.o
                0x08000978                Reset_Handler
 .text.Default_Handler
                0x080009c8        0x2 ./Core/Startup/startup_stm32f407vgtx.o
                0x080009c8                RTC_Alarm_IRQHandler
                0x080009c8                HASH_RNG_IRQHandler
                0x080009c8                EXTI2_IRQHandler
                0x080009c8                TIM8_CC_IRQHandler
                0x080009c8                TIM1_CC_IRQHandler
                0x080009c8                DMA2_Stream5_IRQHandler
                0x080009c8                DMA1_Stream5_IRQHandler
                0x080009c8                PVD_IRQHandler
                0x080009c8                SDIO_IRQHandler
                0x080009c8                TAMP_STAMP_IRQHandler
                0x080009c8                CAN2_RX1_IRQHandler
                0x080009c8                EXTI3_IRQHandler
                0x080009c8                TIM8_TRG_COM_TIM14_IRQHandler
                0x080009c8                TIM1_UP_TIM10_IRQHandler
                0x080009c8                TIM8_UP_TIM13_IRQHandler
                0x080009c8                I2C3_ER_IRQHandler
                0x080009c8                EXTI0_IRQHandler
                0x080009c8                I2C2_EV_IRQHandler
                0x080009c8                DMA1_Stream2_IRQHandler
                0x080009c8                CAN1_RX0_IRQHandler
                0x080009c8                FPU_IRQHandler
                0x080009c8                OTG_HS_WKUP_IRQHandler
                0x080009c8                CAN2_SCE_IRQHandler
                0x080009c8                DMA2_Stream2_IRQHandler
                0x080009c8                SPI1_IRQHandler
                0x080009c8                TIM6_DAC_IRQHandler
                0x080009c8                TIM1_BRK_TIM9_IRQHandler
                0x080009c8                DCMI_IRQHandler
                0x080009c8                CAN2_RX0_IRQHandler
                0x080009c8                DMA2_Stream3_IRQHandler
                0x080009c8                USART6_IRQHandler
                0x080009c8                USART3_IRQHandler
                0x080009c8                CAN1_RX1_IRQHandler
                0x080009c8                UART5_IRQHandler
                0x080009c8                DMA2_Stream0_IRQHandler
                0x080009c8                TIM4_IRQHandler
                0x080009c8                I2C1_EV_IRQHandler
                0x080009c8                DMA1_Stream6_IRQHandler
                0x080009c8                DMA1_Stream1_IRQHandler
                0x080009c8                UART4_IRQHandler
                0x080009c8                TIM3_IRQHandler
                0x080009c8                RCC_IRQHandler
                0x080009c8                TIM8_BRK_TIM12_IRQHandler
                0x080009c8                Default_Handler
                0x080009c8                EXTI15_10_IRQHandler
                0x080009c8                DMA1_Stream7_IRQHandler
                0x080009c8                TIM7_IRQHandler
                0x080009c8                CAN2_TX_IRQHandler
                0x080009c8                TIM5_IRQHandler
                0x080009c8                DMA2_Stream7_IRQHandler
                0x080009c8                I2C3_EV_IRQHandler
                0x080009c8                EXTI9_5_IRQHandler
                0x080009c8                RTC_WKUP_IRQHandler
                0x080009c8                ETH_WKUP_IRQHandler
                0x080009c8                SPI2_IRQHandler
                0x080009c8                OTG_HS_EP1_IN_IRQHandler
                0x080009c8                DMA1_Stream0_IRQHandler
                0x080009c8                CAN1_TX_IRQHandler
                0x080009c8                EXTI4_IRQHandler
                0x080009c8                FSMC_IRQHandler
                0x080009c8                ETH_IRQHandler
                0x080009c8                OTG_HS_EP1_OUT_IRQHandler
                0x080009c8                WWDG_IRQHandler
                0x080009c8                TIM2_IRQHandler
                0x080009c8                OTG_FS_WKUP_IRQHandler
                0x080009c8                TIM1_TRG_COM_TIM11_IRQHandler
                0x080009c8                OTG_HS_IRQHandler
                0x080009c8                EXTI1_IRQHandler
                0x080009c8                USART2_IRQHandler
                0x080009c8                I2C2_ER_IRQHandler
                0x080009c8                DMA2_Stream1_IRQHandler
                0x080009c8                CAN1_SCE_IRQHandler
                0x080009c8                FLASH_IRQHandler
                0x080009c8                DMA2_Stream4_IRQHandler
                0x080009c8                USART1_IRQHandler
                0x080009c8                OTG_FS_IRQHandler
                0x080009c8                SPI3_IRQHandler
                0x080009c8                DMA1_Stream4_IRQHandler
                0x080009c8                I2C1_ER_IRQHandler
                0x080009c8                DMA2_Stream6_IRQHandler
                0x080009c8                DMA1_Stream3_IRQHandler
 *fill*         0x080009ca        0x2 
 .text.HAL_Init
                0x080009cc       0x44 ./Drivers/STM32F4xx_HAL_Driver/Src/stm32f4xx_hal.o
                0x080009cc                HAL_Init
 .text.HAL_InitTick
                0x08000a10       0x60 ./Drivers/STM32F4xx_HAL_Driver/Src/stm32f4xx_hal.o
                0x08000a10                HAL_InitTick
 .text.HAL_IncTick
                0x08000a70       0x28 ./Drivers/STM32F4xx_HAL_Driver/Src/stm32f4xx_hal.o
                0x08000a70                HAL_IncTick
 .text.HAL_GetTick
                0x08000a98       0x18 ./Drivers/STM32F4xx_HAL_Driver/Src/stm32f4xx_hal.o
                0x08000a98                HAL_GetTick
 .text.HAL_Delay
                0x08000ab0       0x48 ./Drivers/STM32F4xx_HAL_Driver/Src/stm32f4xx_hal.o
                0x08000ab0                HAL_Delay
 .text.HAL_ADC_Init
                0x08000af8       0x86 ./Drivers/STM32F4xx_HAL_Driver/Src/stm32f4xx_hal_adc.o
                0x08000af8                HAL_ADC_Init
 *fill*         0x08000b7e        0x2 
 .text.HAL_ADC_Start
                0x08000b80      0x1a4 ./Drivers/STM32F4xx_HAL_Driver/Src/stm32f4xx_hal_adc.o
                0x08000b80                HAL_ADC_Start
 .text.HAL_ADC_Stop
                0x08000d24       0x66 ./Drivers/STM32F4xx_HAL_Driver/Src/stm32f4xx_hal_adc.o
                0x08000d24                HAL_ADC_Stop
 .text.HAL_ADC_PollForConversion
                0x08000d8a      0x116 ./Drivers/STM32F4xx_HAL_Driver/Src/stm32f4xx_hal_adc.o
                0x08000d8a                HAL_ADC_PollForConversion
 .text.HAL_ADC_Start_IT
                0x08000ea0      0x1bc ./Drivers/STM32F4xx_HAL_Driver/Src/stm32f4xx_hal_adc.o
                0x08000ea0                HAL_ADC_Start_IT
 .text.HAL_ADC_IRQHandler
                0x0800105c      0x220 ./Drivers/STM32F4xx_HAL_Driver/Src/stm32f4xx_hal_adc.o
                0x0800105c                HAL_ADC_IRQHandler
 .text.HAL_ADC_GetValue
                0x0800127c       0x1a ./Drivers/STM32F4xx_HAL_Driver/Src/stm32f4xx_hal_adc.o
                0x0800127c                HAL_ADC_GetValue
 .text.HAL_ADC_ConvCpltCallback
                0x08001296       0x14 ./Drivers/STM32F4xx_HAL_Driver/Src/stm32f4xx_hal_adc.o
                0x08001296                HAL_ADC_ConvCpltCallback
 .text.HAL_ADC_LevelOutOfWindowCallback
                0x080012aa       0x14 ./Drivers/STM32F4xx_HAL_Driver/Src/stm32f4xx_hal_adc.o
                0x080012aa                HAL_ADC_LevelOutOfWindowCallback
 .text.HAL_ADC_ErrorCallback
                0x080012be       0x14 ./Drivers/STM32F4xx_HAL_Driver/Src/stm32f4xx_hal_adc.o
                0x080012be                HAL_ADC_ErrorCallback
 *fill*         0x080012d2        0x2 
 .text.HAL_ADC_ConfigChannel
                0x080012d4      0x244 ./Drivers/STM32F4xx_HAL_Driver/Src/stm32f4xx_hal_adc.o
                0x080012d4                HAL_ADC_ConfigChannel
 .text.ADC_Init
                0x08001518      0x1f8 ./Drivers/STM32F4xx_HAL_Driver/Src/stm32f4xx_hal_adc.o
 .text.HAL_ADCEx_InjectedConvCpltCallback
                0x08001710       0x14 ./Drivers/STM32F4xx_HAL_Driver/Src/stm32f4xx_hal_adc_ex.o
                0x08001710                HAL_ADCEx_InjectedConvCpltCallback
 .text.__NVIC_SetPriorityGrouping
                0x08001724       0x48 ./Drivers/STM32F4xx_HAL_Driver/Src/stm32f4xx_hal_cortex.o
 .text.__NVIC_GetPriorityGrouping
                0x0800176c       0x1c ./Drivers/STM32F4xx_HAL_Driver/Src/stm32f4xx_hal_cortex.o
 .text.__NVIC_EnableIRQ
                0x08001788       0x3c ./Drivers/STM32F4xx_HAL_Driver/Src/stm32f4xx_hal_cortex.o
 .text.__NVIC_SetPriority
                0x080017c4       0x54 ./Drivers/STM32F4xx_HAL_Driver/Src/stm32f4xx_hal_cortex.o
 .text.NVIC_EncodePriority
                0x08001818       0x66 ./Drivers/STM32F4xx_HAL_Driver/Src/stm32f4xx_hal_cortex.o
 *fill*         0x0800187e        0x2 
 .text.SysTick_Config
                0x08001880       0x44 ./Drivers/STM32F4xx_HAL_Driver/Src/stm32f4xx_hal_cortex.o
 .text.HAL_NVIC_SetPriorityGrouping
                0x080018c4       0x16 ./Drivers/STM32F4xx_HAL_Driver/Src/stm32f4xx_hal_cortex.o
                0x080018c4                HAL_NVIC_SetPriorityGrouping
 .text.HAL_NVIC_SetPriority
                0x080018da       0x38 ./Drivers/STM32F4xx_HAL_Driver/Src/stm32f4xx_hal_cortex.o
                0x080018da                HAL_NVIC_SetPriority
 .text.HAL_NVIC_EnableIRQ
                0x08001912       0x1c ./Drivers/STM32F4xx_HAL_Driver/Src/stm32f4xx_hal_cortex.o
                0x08001912                HAL_NVIC_EnableIRQ
 .text.HAL_SYSTICK_Config
                0x0800192e       0x18 ./Drivers/STM32F4xx_HAL_Driver/Src/stm32f4xx_hal_cortex.o
                0x0800192e                HAL_SYSTICK_Config
 *fill*         0x08001946        0x2 
 .text.HAL_GPIO_Init
                0x08001948      0x338 ./Drivers/STM32F4xx_HAL_Driver/Src/stm32f4xx_hal_gpio.o
                0x08001948                HAL_GPIO_Init
 .text.HAL_GPIO_WritePin
                0x08001c80       0x32 ./Drivers/STM32F4xx_HAL_Driver/Src/stm32f4xx_hal_gpio.o
                0x08001c80                HAL_GPIO_WritePin
 *fill*         0x08001cb2        0x2 
 .text.HAL_RCC_OscConfig
                0x08001cb4      0x4f0 ./Drivers/STM32F4xx_HAL_Driver/Src/stm32f4xx_hal_rcc.o
                0x08001cb4                HAL_RCC_OscConfig
 .text.HAL_RCC_ClockConfig
                0x080021a4      0x1cc ./Drivers/STM32F4xx_HAL_Driver/Src/stm32f4xx_hal_rcc.o
                0x080021a4                HAL_RCC_ClockConfig
 .text.HAL_RCC_GetSysClockFreq
                0x08002370      0x18c ./Drivers/STM32F4xx_HAL_Driver/Src/stm32f4xx_hal_rcc.o
                0x08002370                HAL_RCC_GetSysClockFreq
 .text.memset   0x080024fc       0x10 D:/STM32CubeIDE_1.19.0/STM32CubeIDE/plugins/com.st.stm32cube.ide.mcu.externaltools.gnu-tools-for-stm32.13.3.rel1.win32_1.0.0.202411081344/tools/bin/../lib/gcc/arm-none-eabi/13.3.1/../../../../arm-none-eabi/lib/thumb/v7e-m+fp/hard\libc_nano.a(libc_a-memset.o)
                0x080024fc                memset
 .text.__libc_init_array
                0x0800250c       0x48 D:/STM32CubeIDE_1.19.0/STM32CubeIDE/plugins/com.st.stm32cube.ide.mcu.externaltools.gnu-tools-for-stm32.13.3.rel1.win32_1.0.0.202411081344/tools/bin/../lib/gcc/arm-none-eabi/13.3.1/../../../../arm-none-eabi/lib/thumb/v7e-m+fp/hard\libc_nano.a(libc_a-init.o)
                0x0800250c                __libc_init_array
 *(.glue_7)
 .glue_7        0x08002554        0x0 linker stubs
 *(.glue_7t)
 .glue_7t       0x08002554        0x0 linker stubs
 *(.eh_frame)
 .eh_frame      0x08002554        0x0 D:/STM32CubeIDE_1.19.0/STM32CubeIDE/plugins/com.st.stm32cube.ide.mcu.externaltools.gnu-tools-for-stm32.13.3.rel1.win32_1.0.0.202411081344/tools/bin/../lib/gcc/arm-none-eabi/13.3.1/thumb/v7e-m+fp/hard/crtbegin.o
 *(.init)
 .init          0x08002554        0x4 D:/STM32CubeIDE_1.19.0/STM32CubeIDE/plugins/com.st.stm32cube.ide.mcu.externaltools.gnu-tools-for-stm32.13.3.rel1.win32_1.0.0.202411081344/tools/bin/../lib/gcc/arm-none-eabi/13.3.1/thumb/v7e-m+fp/hard/crti.o
                0x08002554                _init
 .init          0x08002558        0x8 D:/STM32CubeIDE_1.19.0/STM32CubeIDE/plugins/com.st.stm32cube.ide.mcu.externaltools.gnu-tools-for-stm32.13.3.rel1.win32_1.0.0.202411081344/tools/bin/../lib/gcc/arm-none-eabi/13.3.1/thumb/v7e-m+fp/hard/crtn.o
 *(.fini)
 .fini          0x08002560        0x4 D:/STM32CubeIDE_1.19.0/STM32CubeIDE/plugins/com.st.stm32cube.ide.mcu.externaltools.gnu-tools-for-stm32.13.3.rel1.win32_1.0.0.202411081344/tools/bin/../lib/gcc/arm-none-eabi/13.3.1/thumb/v7e-m+fp/hard/crti.o
                0x08002560                _fini
 .fini          0x08002564        0x8 D:/STM32CubeIDE_1.19.0/STM32CubeIDE/plugins/com.st.stm32cube.ide.mcu.externaltools.gnu-tools-for-stm32.13.3.rel1.win32_1.0.0.202411081344/tools/bin/../lib/gcc/arm-none-eabi/13.3.1/thumb/v7e-m+fp/hard/crtn.o
                0x0800256c                        . = ALIGN (0x4)
                0x0800256c                        _etext = .

.vfp11_veneer   0x0800256c        0x0
 .vfp11_veneer  0x0800256c        0x0 linker stubs

.v4_bx          0x0800256c        0x0
 .v4_bx         0x0800256c        0x0 linker stubs

.iplt           0x0800256c        0x0
 .iplt          0x0800256c        0x0 D:/STM32CubeIDE_1.19.0/STM32CubeIDE/plugins/com.st.stm32cube.ide.mcu.externaltools.gnu-tools-for-stm32.13.3.rel1.win32_1.0.0.202411081344/tools/bin/../lib/gcc/arm-none-eabi/13.3.1/thumb/v7e-m+fp/hard/crtbegin.o

.rodata         0x0800256c       0x10
                0x0800256c                        . = ALIGN (0x4)
 *(.rodata)
 *(.rodata*)
 .rodata.AHBPrescTable
                0x0800256c       0x10 ./Core/Src/system_stm32f4xx.o
                0x0800256c                AHBPrescTable
                0x0800257c                        . = ALIGN (0x4)

.ARM.extab      0x0800257c        0x0
                0x0800257c                        . = ALIGN (0x4)
 *(.ARM.extab* .gnu.linkonce.armextab.*)
                0x0800257c                        . = ALIGN (0x4)

.ARM            0x0800257c        0x8
                0x0800257c                        . = ALIGN (0x4)
                0x0800257c                        __exidx_start = .
 *(.ARM.exidx*)
 .ARM.exidx     0x0800257c        0x8 D:/STM32CubeIDE_1.19.0/STM32CubeIDE/plugins/com.st.stm32cube.ide.mcu.externaltools.gnu-tools-for-stm32.13.3.rel1.win32_1.0.0.202411081344/tools/bin/../lib/gcc/arm-none-eabi/13.3.1/thumb/v7e-m+fp/hard\libgcc.a(_udivmoddi4.o)
                0x08002584                        __exidx_end = .
                0x08002584                        . = ALIGN (0x4)

.preinit_array  0x08002584        0x0
                0x08002584                        . = ALIGN (0x4)
                0x08002584                        PROVIDE (__preinit_array_start = .)
 *(.preinit_array*)
                0x08002584                        PROVIDE (__preinit_array_end = .)
                0x08002584                        . = ALIGN (0x4)

.init_array     0x08002584        0x4
                0x08002584                        . = ALIGN (0x4)
                0x08002584                        PROVIDE (__init_array_start = .)
 *(SORT_BY_NAME(.init_array.*))
 *(.init_array*)
 .init_array    0x08002584        0x4 D:/STM32CubeIDE_1.19.0/STM32CubeIDE/plugins/com.st.stm32cube.ide.mcu.externaltools.gnu-tools-for-stm32.13.3.rel1.win32_1.0.0.202411081344/tools/bin/../lib/gcc/arm-none-eabi/13.3.1/thumb/v7e-m+fp/hard/crtbegin.o
                0x08002588                        PROVIDE (__init_array_end = .)
                0x08002588                        . = ALIGN (0x4)

.fini_array     0x08002588        0x4
                0x08002588                        . = ALIGN (0x4)
                [!provide]                        PROVIDE (__fini_array_start = .)
 *(SORT_BY_NAME(.fini_array.*))
 *(.fini_array*)
 .fini_array    0x08002588        0x4 D:/STM32CubeIDE_1.19.0/STM32CubeIDE/plugins/com.st.stm32cube.ide.mcu.externaltools.gnu-tools-for-stm32.13.3.rel1.win32_1.0.0.202411081344/tools/bin/../lib/gcc/arm-none-eabi/13.3.1/thumb/v7e-m+fp/hard/crtbegin.o
                [!provide]                        PROVIDE (__fini_array_end = .)
                0x0800258c                        . = ALIGN (0x4)
                0x0800258c                        _sidata = LOADADDR (.data)

.rel.dyn        0x0800258c        0x0
 .rel.iplt      0x0800258c        0x0 D:/STM32CubeIDE_1.19.0/STM32CubeIDE/plugins/com.st.stm32cube.ide.mcu.externaltools.gnu-tools-for-stm32.13.3.rel1.win32_1.0.0.202411081344/tools/bin/../lib/gcc/arm-none-eabi/13.3.1/thumb/v7e-m+fp/hard/crtbegin.o

.data           0x20000000        0xc load address 0x0800258c
                0x20000000                        . = ALIGN (0x4)
                0x20000000                        _sdata = .
 *(.data)
 *(.data*)
 .data.SystemCoreClock
                0x20000000        0x4 ./Core/Src/system_stm32f4xx.o
                0x20000000                SystemCoreClock
 .data.uwTickPrio
                0x20000004        0x4 ./Drivers/STM32F4xx_HAL_Driver/Src/stm32f4xx_hal.o
                0x20000004                uwTickPrio
 .data.uwTickFreq
                0x20000008        0x1 ./Drivers/STM32F4xx_HAL_Driver/Src/stm32f4xx_hal.o
                0x20000008                uwTickFreq
 *(.RamFunc)
 *(.RamFunc*)
                0x2000000c                        . = ALIGN (0x4)
 *fill*         0x20000009        0x3 
                0x2000000c                        _edata = .
                0x08002598                        _siccmram = LOADADDR (.ccmram)

.igot.plt       0x2000000c        0x0 load address 0x08002598
 .igot.plt      0x2000000c        0x0 D:/STM32CubeIDE_1.19.0/STM32CubeIDE/plugins/com.st.stm32cube.ide.mcu.externaltools.gnu-tools-for-stm32.13.3.rel1.win32_1.0.0.202411081344/tools/bin/../lib/gcc/arm-none-eabi/13.3.1/thumb/v7e-m+fp/hard/crtbegin.o

.ccmram         0x10000000        0x0 load address 0x08002598
                0x10000000                        . = ALIGN (0x4)
                0x10000000                        _sccmram = .
 *(.ccmram)
 *(.ccmram*)
                0x10000000                        . = ALIGN (0x4)
                0x10000000                        _eccmram = .
                0x10000000                        . = ALIGN (0x4)

.bss            0x2000000c       0x74
                0x2000000c                        _sbss = .
                0x2000000c                        __bss_start__ = _sbss
 *(.bss)
 .bss           0x2000000c       0x1c D:/STM32CubeIDE_1.19.0/STM32CubeIDE/plugins/com.st.stm32cube.ide.mcu.externaltools.gnu-tools-for-stm32.13.3.rel1.win32_1.0.0.202411081344/tools/bin/../lib/gcc/arm-none-eabi/13.3.1/thumb/v7e-m+fp/hard/crtbegin.o
 *(.bss*)
 .bss.hadc1     0x20000028       0x48 ./Core/Src/main.o
                0x20000028                hadc1
 .bss.adc_raw_sum
                0x20000070        0x4 ./Core/Src/main.o
                0x20000070                adc_raw_sum
 .bss.adc_average
                0x20000074        0x4 ./Core/Src/main.o
                0x20000074                adc_average
 .bss.voltage   0x20000078        0x4 ./Core/Src/main.o
                0x20000078                voltage
 .bss.uwTick    0x2000007c        0x4 ./Drivers/STM32F4xx_HAL_Driver/Src/stm32f4xx_hal.o
                0x2000007c                uwTick
 *(COMMON)
                0x20000080                        . = ALIGN (0x4)
                0x20000080                        _ebss = .
                0x20000080                        __bss_end__ = _ebss

._user_heap_stack
                0x20000080      0x600
                0x20000080                        . = ALIGN (0x8)
                [!provide]                        PROVIDE (end = .)
                0x20000080                        PROVIDE (_end = .)
                0x20000280                        . = (. + _Min_Heap_Size)
 *fill*         0x20000080      0x200 
                0x20000680                        . = (. + _Min_Stack_Size)
 *fill*         0x20000280      0x400 
                0x20000680                        . = ALIGN (0x8)

/DISCARD/
 libc.a(*)
 libm.a(*)
 libgcc.a(*)

.ARM.attributes
                0x00000000       0x30
 *(.ARM.attributes)
 .ARM.attributes
                0x00000000       0x22 D:/STM32CubeIDE_1.19.0/STM32CubeIDE/plugins/com.st.stm32cube.ide.mcu.externaltools.gnu-tools-for-stm32.13.3.rel1.win32_1.0.0.202411081344/tools/bin/../lib/gcc/arm-none-eabi/13.3.1/thumb/v7e-m+fp/hard/crti.o
 .ARM.attributes
                0x00000022       0x34 D:/STM32CubeIDE_1.19.0/STM32CubeIDE/plugins/com.st.stm32cube.ide.mcu.externaltools.gnu-tools-for-stm32.13.3.rel1.win32_1.0.0.202411081344/tools/bin/../lib/gcc/arm-none-eabi/13.3.1/thumb/v7e-m+fp/hard/crtbegin.o
 .ARM.attributes
                0x00000056       0x34 ./Core/Src/main.o
 .ARM.attributes
                0x0000008a       0x34 ./Core/Src/stm32f4xx_hal_msp.o
 .ARM.attributes
                0x000000be       0x34 ./Core/Src/stm32f4xx_it.o
 .ARM.attributes
                0x000000f2       0x34 ./Core/Src/system_stm32f4xx.o
 .ARM.attributes
                0x00000126       0x21 ./Core/Startup/startup_stm32f407vgtx.o
 .ARM.attributes
                0x00000147       0x34 ./Drivers/STM32F4xx_HAL_Driver/Src/stm32f4xx_hal.o
 .ARM.attributes
                0x0000017b       0x34 ./Drivers/STM32F4xx_HAL_Driver/Src/stm32f4xx_hal_adc.o
 .ARM.attributes
                0x000001af       0x34 ./Drivers/STM32F4xx_HAL_Driver/Src/stm32f4xx_hal_adc_ex.o
 .ARM.attributes
                0x000001e3       0x34 ./Drivers/STM32F4xx_HAL_Driver/Src/stm32f4xx_hal_cortex.o
 .ARM.attributes
                0x00000217       0x34 ./Drivers/STM32F4xx_HAL_Driver/Src/stm32f4xx_hal_gpio.o
 .ARM.attributes
                0x0000024b       0x34 ./Drivers/STM32F4xx_HAL_Driver/Src/stm32f4xx_hal_rcc.o
 .ARM.attributes
                0x0000027f       0x34 D:/STM32CubeIDE_1.19.0/STM32CubeIDE/plugins/com.st.stm32cube.ide.mcu.externaltools.gnu-tools-for-stm32.13.3.rel1.win32_1.0.0.202411081344/tools/bin/../lib/gcc/arm-none-eabi/13.3.1/../../../../arm-none-eabi/lib/thumb/v7e-m+fp/hard\libc_nano.a(libc_a-memset.o)
 .ARM.attributes
                0x000002b3       0x34 D:/STM32CubeIDE_1.19.0/STM32CubeIDE/plugins/com.st.stm32cube.ide.mcu.externaltools.gnu-tools-for-stm32.13.3.rel1.win32_1.0.0.202411081344/tools/bin/../lib/gcc/arm-none-eabi/13.3.1/../../../../arm-none-eabi/lib/thumb/v7e-m+fp/hard\libc_nano.a(libc_a-init.o)
 .ARM.attributes
                0x000002e7       0x22 D:/STM32CubeIDE_1.19.0/STM32CubeIDE/plugins/com.st.stm32cube.ide.mcu.externaltools.gnu-tools-for-stm32.13.3.rel1.win32_1.0.0.202411081344/tools/bin/../lib/gcc/arm-none-eabi/13.3.1/thumb/v7e-m+fp/hard\libgcc.a(_aeabi_uldivmod.o)
 .ARM.attributes
                0x00000309       0x34 D:/STM32CubeIDE_1.19.0/STM32CubeIDE/plugins/com.st.stm32cube.ide.mcu.externaltools.gnu-tools-for-stm32.13.3.rel1.win32_1.0.0.202411081344/tools/bin/../lib/gcc/arm-none-eabi/13.3.1/thumb/v7e-m+fp/hard\libgcc.a(_udivmoddi4.o)
 .ARM.attributes
                0x0000033d       0x22 D:/STM32CubeIDE_1.19.0/STM32CubeIDE/plugins/com.st.stm32cube.ide.mcu.externaltools.gnu-tools-for-stm32.13.3.rel1.win32_1.0.0.202411081344/tools/bin/../lib/gcc/arm-none-eabi/13.3.1/thumb/v7e-m+fp/hard\libgcc.a(_dvmd_tls.o)
 .ARM.attributes
                0x0000035f       0x22 D:/STM32CubeIDE_1.19.0/STM32CubeIDE/plugins/com.st.stm32cube.ide.mcu.externaltools.gnu-tools-for-stm32.13.3.rel1.win32_1.0.0.202411081344/tools/bin/../lib/gcc/arm-none-eabi/13.3.1/thumb/v7e-m+fp/hard/crtn.o
OUTPUT(ws3.elf elf32-littlearm)
LOAD linker stubs
LOAD D:/STM32CubeIDE_1.19.0/STM32CubeIDE/plugins/com.st.stm32cube.ide.mcu.externaltools.gnu-tools-for-stm32.13.3.rel1.win32_1.0.0.202411081344/tools/bin/../lib/gcc/arm-none-eabi/13.3.1/../../../../arm-none-eabi/lib/thumb/v7e-m+fp/hard\libc.a
LOAD D:/STM32CubeIDE_1.19.0/STM32CubeIDE/plugins/com.st.stm32cube.ide.mcu.externaltools.gnu-tools-for-stm32.13.3.rel1.win32_1.0.0.202411081344/tools/bin/../lib/gcc/arm-none-eabi/13.3.1/../../../../arm-none-eabi/lib/thumb/v7e-m+fp/hard\libm.a
LOAD D:/STM32CubeIDE_1.19.0/STM32CubeIDE/plugins/com.st.stm32cube.ide.mcu.externaltools.gnu-tools-for-stm32.13.3.rel1.win32_1.0.0.202411081344/tools/bin/../lib/gcc/arm-none-eabi/13.3.1/thumb/v7e-m+fp/hard\libgcc.a

.debug_info     0x00000000     0x6248
 .debug_info    0x00000000      0xcee ./Core/Src/main.o
 .debug_info    0x00000cee      0xb5b ./Core/Src/stm32f4xx_hal_msp.o
 .debug_info    0x00001849      0x61c ./Core/Src/stm32f4xx_it.o
 .debug_info    0x00001e65      0x512 ./Core/Src/system_stm32f4xx.o
 .debug_info    0x00002377       0x30 ./Core/Startup/startup_stm32f407vgtx.o
 .debug_info    0x000023a7      0x944 ./Drivers/STM32F4xx_HAL_Driver/Src/stm32f4xx_hal.o
 .debug_info    0x00002ceb      0xce3 ./Drivers/STM32F4xx_HAL_Driver/Src/stm32f4xx_hal_adc.o
 .debug_info    0x000039ce      0xb68 ./Drivers/STM32F4xx_HAL_Driver/Src/stm32f4xx_hal_adc_ex.o
 .debug_info    0x00004536      0xd8c ./Drivers/STM32F4xx_HAL_Driver/Src/stm32f4xx_hal_cortex.o
 .debug_info    0x000052c2      0x6c3 ./Drivers/STM32F4xx_HAL_Driver/Src/stm32f4xx_hal_gpio.o
 .debug_info    0x00005985      0x8c3 ./Drivers/STM32F4xx_HAL_Driver/Src/stm32f4xx_hal_rcc.o

.debug_abbrev   0x00000000     0x153f
 .debug_abbrev  0x00000000      0x243 ./Core/Src/main.o
 .debug_abbrev  0x00000243      0x1c4 ./Core/Src/stm32f4xx_hal_msp.o
 .debug_abbrev  0x00000407      0x17c ./Core/Src/stm32f4xx_it.o
 .debug_abbrev  0x00000583      0x11a ./Core/Src/system_stm32f4xx.o
 .debug_abbrev  0x0000069d       0x24 ./Core/Startup/startup_stm32f407vgtx.o
 .debug_abbrev  0x000006c1      0x214 ./Drivers/STM32F4xx_HAL_Driver/Src/stm32f4xx_hal.o
 .debug_abbrev  0x000008d5      0x252 ./Drivers/STM32F4xx_HAL_Driver/Src/stm32f4xx_hal_adc.o
 .debug_abbrev  0x00000b27      0x270 ./Drivers/STM32F4xx_HAL_Driver/Src/stm32f4xx_hal_adc_ex.o
 .debug_abbrev  0x00000d97      0x31d ./Drivers/STM32F4xx_HAL_Driver/Src/stm32f4xx_hal_cortex.o
 .debug_abbrev  0x000010b4      0x1d4 ./Drivers/STM32F4xx_HAL_Driver/Src/stm32f4xx_hal_gpio.o
 .debug_abbrev  0x00001288      0x2b7 ./Drivers/STM32F4xx_HAL_Driver/Src/stm32f4xx_hal_rcc.o

.debug_aranges  0x00000000      0x5a0
 .debug_aranges
                0x00000000       0x40 ./Core/Src/main.o
 .debug_aranges
                0x00000040       0x30 ./Core/Src/stm32f4xx_hal_msp.o
 .debug_aranges
                0x00000070       0x68 ./Core/Src/stm32f4xx_it.o
 .debug_aranges
                0x000000d8       0x28 ./Core/Src/system_stm32f4xx.o
 .debug_aranges
                0x00000100       0x28 ./Core/Startup/startup_stm32f407vgtx.o
 .debug_aranges
                0x00000128       0xf0 ./Drivers/STM32F4xx_HAL_Driver/Src/stm32f4xx_hal.o
 .debug_aranges
                0x00000218       0xe8 ./Drivers/STM32F4xx_HAL_Driver/Src/stm32f4xx_hal_adc.o
 .debug_aranges
                0x00000300       0x90 ./Drivers/STM32F4xx_HAL_Driver/Src/stm32f4xx_hal_adc_ex.o
 .debug_aranges
                0x00000390      0x130 ./Drivers/STM32F4xx_HAL_Driver/Src/stm32f4xx_hal_cortex.o
 .debug_aranges
                0x000004c0       0x58 ./Drivers/STM32F4xx_HAL_Driver/Src/stm32f4xx_hal_gpio.o
 .debug_aranges
                0x00000518       0x88 ./Drivers/STM32F4xx_HAL_Driver/Src/stm32f4xx_hal_rcc.o

.debug_rnglists
                0x00000000      0x425
 .debug_rnglists
                0x00000000       0x2f ./Core/Src/main.o
 .debug_rnglists
                0x0000002f       0x20 ./Core/Src/stm32f4xx_hal_msp.o
 .debug_rnglists
                0x0000004f       0x49 ./Core/Src/stm32f4xx_it.o
 .debug_rnglists
                0x00000098       0x1a ./Core/Src/system_stm32f4xx.o
 .debug_rnglists
                0x000000b2       0x19 ./Core/Startup/startup_stm32f407vgtx.o
 .debug_rnglists
                0x000000cb       0xaf ./Drivers/STM32F4xx_HAL_Driver/Src/stm32f4xx_hal.o
 .debug_rnglists
                0x0000017a       0xb5 ./Drivers/STM32F4xx_HAL_Driver/Src/stm32f4xx_hal_adc.o
 .debug_rnglists
                0x0000022f       0x71 ./Drivers/STM32F4xx_HAL_Driver/Src/stm32f4xx_hal_adc_ex.o
 .debug_rnglists
                0x000002a0       0xe0 ./Drivers/STM32F4xx_HAL_Driver/Src/stm32f4xx_hal_cortex.o
 .debug_rnglists
                0x00000380       0x3f ./Drivers/STM32F4xx_HAL_Driver/Src/stm32f4xx_hal_gpio.o
 .debug_rnglists
                0x000003bf       0x66 ./Drivers/STM32F4xx_HAL_Driver/Src/stm32f4xx_hal_rcc.o

.debug_macro    0x00000000    0x2044d
 .debug_macro   0x00000000      0x1e2 ./Core/Src/main.o
 .debug_macro   0x000001e2      0xad8 ./Core/Src/main.o
 .debug_macro   0x00000cba      0x295 ./Core/Src/main.o
 .debug_macro   0x00000f4f       0x2e ./Core/Src/main.o
 .debug_macro   0x00000f7d       0x2f ./Core/Src/main.o
 .debug_macro   0x00000fac       0x22 ./Core/Src/main.o
 .debug_macro   0x00000fce       0x8e ./Core/Src/main.o
 .debug_macro   0x0000105c       0x51 ./Core/Src/main.o
 .debug_macro   0x000010ad      0x103 ./Core/Src/main.o
 .debug_macro   0x000011b0       0x6a ./Core/Src/main.o
 .debug_macro   0x0000121a      0x1df ./Core/Src/main.o
 .debug_macro   0x000013f9       0x1c ./Core/Src/main.o
 .debug_macro   0x00001415       0x22 ./Core/Src/main.o
 .debug_macro   0x00001437       0xfb ./Core/Src/main.o
 .debug_macro   0x00001532     0x1011 ./Core/Src/main.o
 .debug_macro   0x00002543      0x11f ./Core/Src/main.o
 .debug_macro   0x00002662    0x15ea5 ./Core/Src/main.o
 .debug_macro   0x00018507       0x6d ./Core/Src/main.o
 .debug_macro   0x00018574     0x3693 ./Core/Src/main.o
 .debug_macro   0x0001bc07      0x190 ./Core/Src/main.o
 .debug_macro   0x0001bd97       0x5c ./Core/Src/main.o
 .debug_macro   0x0001bdf3      0x980 ./Core/Src/main.o
 .debug_macro   0x0001c773      0x9e9 ./Core/Src/main.o
 .debug_macro   0x0001d15c      0x115 ./Core/Src/main.o
 .debug_macro   0x0001d271      0x13e ./Core/Src/main.o
 .debug_macro   0x0001d3af       0xa5 ./Core/Src/main.o
 .debug_macro   0x0001d454      0x174 ./Core/Src/main.o
 .debug_macro   0x0001d5c8      0x287 ./Core/Src/main.o
 .debug_macro   0x0001d84f       0x5f ./Core/Src/main.o
 .debug_macro   0x0001d8ae      0x236 ./Core/Src/main.o
 .debug_macro   0x0001dae4      0xb5b ./Core/Src/main.o
 .debug_macro   0x0001e63f      0x38b ./Core/Src/main.o
 .debug_macro   0x0001e9ca      0x176 ./Core/Src/main.o
 .debug_macro   0x0001eb40       0xf9 ./Core/Src/main.o
 .debug_macro   0x0001ec39      0x12c ./Core/Src/main.o
 .debug_macro   0x0001ed65      0x21e ./Core/Src/main.o
 .debug_macro   0x0001ef83       0x2e ./Core/Src/main.o
 .debug_macro   0x0001efb1      0x127 ./Core/Src/main.o
 .debug_macro   0x0001f0d8       0x7e ./Core/Src/main.o
 .debug_macro   0x0001f156       0x89 ./Core/Src/main.o
 .debug_macro   0x0001f1df      0x12d ./Core/Src/main.o
 .debug_macro   0x0001f30c      0x1e2 ./Core/Src/stm32f4xx_hal_msp.o
 .debug_macro   0x0001f4ee      0x1ec ./Core/Src/stm32f4xx_it.o
 .debug_macro   0x0001f6da      0x1d8 ./Core/Src/system_stm32f4xx.o
 .debug_macro   0x0001f8b2      0x238 ./Drivers/STM32F4xx_HAL_Driver/Src/stm32f4xx_hal.o
 .debug_macro   0x0001faea      0x1d9 ./Drivers/STM32F4xx_HAL_Driver/Src/stm32f4xx_hal_adc.o
 .debug_macro   0x0001fcc3      0x1d8 ./Drivers/STM32F4xx_HAL_Driver/Src/stm32f4xx_hal_adc_ex.o
 .debug_macro   0x0001fe9b      0x1d8 ./Drivers/STM32F4xx_HAL_Driver/Src/stm32f4xx_hal_cortex.o
 .debug_macro   0x00020073      0x1de ./Drivers/STM32F4xx_HAL_Driver/Src/stm32f4xx_hal_gpio.o
 .debug_macro   0x00020251      0x1fc ./Drivers/STM32F4xx_HAL_Driver/Src/stm32f4xx_hal_rcc.o

.debug_line     0x00000000     0x71c5
 .debug_line    0x00000000      0x889 ./Core/Src/main.o
 .debug_line    0x00000889      0x782 ./Core/Src/stm32f4xx_hal_msp.o
 .debug_line    0x0000100b      0x7ff ./Core/Src/stm32f4xx_it.o
 .debug_line    0x0000180a      0x7ae ./Core/Src/system_stm32f4xx.o
 .debug_line    0x00001fb8       0x7a ./Core/Startup/startup_stm32f407vgtx.o
 .debug_line    0x00002032      0xa2a ./Drivers/STM32F4xx_HAL_Driver/Src/stm32f4xx_hal.o
 .debug_line    0x00002a5c     0x1241 ./Drivers/STM32F4xx_HAL_Driver/Src/stm32f4xx_hal_adc.o
 .debug_line    0x00003c9d      0xe75 ./Drivers/STM32F4xx_HAL_Driver/Src/stm32f4xx_hal_adc_ex.o
 .debug_line    0x00004b12      0xcfa ./Drivers/STM32F4xx_HAL_Driver/Src/stm32f4xx_hal_cortex.o
 .debug_line    0x0000580c      0xb82 ./Drivers/STM32F4xx_HAL_Driver/Src/stm32f4xx_hal_gpio.o
 .debug_line    0x0000638e      0xe37 ./Drivers/STM32F4xx_HAL_Driver/Src/stm32f4xx_hal_rcc.o

.debug_str      0x00000000    0xc9326
 .debug_str     0x00000000    0xc9326 ./Core/Src/main.o
                              0xc7cb0 (size before relaxing)
 .debug_str     0x000c9326    0xc7f27 ./Core/Src/stm32f4xx_hal_msp.o
 .debug_str     0x000c9326    0xc78f4 ./Core/Src/stm32f4xx_it.o
 .debug_str     0x000c9326    0xc7610 ./Core/Src/system_stm32f4xx.o
 .debug_str     0x000c9326       0x66 ./Core/Startup/startup_stm32f407vgtx.o
 .debug_str     0x000c9326    0xc8194 ./Drivers/STM32F4xx_HAL_Driver/Src/stm32f4xx_hal.o
 .debug_str     0x000c9326    0xc7bfd ./Drivers/STM32F4xx_HAL_Driver/Src/stm32f4xx_hal_adc.o
 .debug_str     0x000c9326    0xc7c51 ./Drivers/STM32F4xx_HAL_Driver/Src/stm32f4xx_hal_adc_ex.o
 .debug_str     0x000c9326    0xc7f10 ./Drivers/STM32F4xx_HAL_Driver/Src/stm32f4xx_hal_cortex.o
 .debug_str     0x000c9326    0xc778b ./Drivers/STM32F4xx_HAL_Driver/Src/stm32f4xx_hal_gpio.o
 .debug_str     0x000c9326    0xc7a44 ./Drivers/STM32F4xx_HAL_Driver/Src/stm32f4xx_hal_rcc.o

.comment        0x00000000       0x43
 .comment       0x00000000       0x43 ./Core/Src/main.o
                                 0x44 (size before relaxing)
 .comment       0x00000043       0x44 ./Core/Src/stm32f4xx_hal_msp.o
 .comment       0x00000043       0x44 ./Core/Src/stm32f4xx_it.o
 .comment       0x00000043       0x44 ./Core/Src/system_stm32f4xx.o
 .comment       0x00000043       0x44 ./Drivers/STM32F4xx_HAL_Driver/Src/stm32f4xx_hal.o
 .comment       0x00000043       0x44 ./Drivers/STM32F4xx_HAL_Driver/Src/stm32f4xx_hal_adc.o
 .comment       0x00000043       0x44 ./Drivers/STM32F4xx_HAL_Driver/Src/stm32f4xx_hal_adc_ex.o
 .comment       0x00000043       0x44 ./Drivers/STM32F4xx_HAL_Driver/Src/stm32f4xx_hal_cortex.o
 .comment       0x00000043       0x44 ./Drivers/STM32F4xx_HAL_Driver/Src/stm32f4xx_hal_gpio.o
 .comment       0x00000043       0x44 ./Drivers/STM32F4xx_HAL_Driver/Src/stm32f4xx_hal_rcc.o

.debug_frame    0x00000000     0x1560
 .debug_frame   0x00000000       0xb4 ./Core/Src/main.o
 .debug_frame   0x000000b4       0x80 ./Core/Src/stm32f4xx_hal_msp.o
 .debug_frame   0x00000134      0x120 ./Core/Src/stm32f4xx_it.o
 .debug_frame   0x00000254       0x58 ./Core/Src/system_stm32f4xx.o
 .debug_frame   0x000002ac      0x374 ./Drivers/STM32F4xx_HAL_Driver/Src/stm32f4xx_hal.o
 .debug_frame   0x00000620      0x3fc ./Drivers/STM32F4xx_HAL_Driver/Src/stm32f4xx_hal_adc.o
 .debug_frame   0x00000a1c      0x250 ./Drivers/STM32F4xx_HAL_Driver/Src/stm32f4xx_hal_adc_ex.o
 .debug_frame   0x00000c6c      0x508 ./Drivers/STM32F4xx_HAL_Driver/Src/stm32f4xx_hal_cortex.o
 .debug_frame   0x00001174      0x14c ./Drivers/STM32F4xx_HAL_Driver/Src/stm32f4xx_hal_gpio.o
 .debug_frame   0x000012c0      0x1f4 ./Drivers/STM32F4xx_HAL_Driver/Src/stm32f4xx_hal_rcc.o
 .debug_frame   0x000014b4       0x20 D:/STM32CubeIDE_1.19.0/STM32CubeIDE/plugins/com.st.stm32cube.ide.mcu.externaltools.gnu-tools-for-stm32.13.3.rel1.win32_1.0.0.202411081344/tools/bin/../lib/gcc/arm-none-eabi/13.3.1/../../../../arm-none-eabi/lib/thumb/v7e-m+fp/hard\libc_nano.a(libc_a-memset.o)
 .debug_frame   0x000014d4       0x2c D:/STM32CubeIDE_1.19.0/STM32CubeIDE/plugins/com.st.stm32cube.ide.mcu.externaltools.gnu-tools-for-stm32.13.3.rel1.win32_1.0.0.202411081344/tools/bin/../lib/gcc/arm-none-eabi/13.3.1/../../../../arm-none-eabi/lib/thumb/v7e-m+fp/hard\libc_nano.a(libc_a-init.o)
 .debug_frame   0x00001500       0x2c D:/STM32CubeIDE_1.19.0/STM32CubeIDE/plugins/com.st.stm32cube.ide.mcu.externaltools.gnu-tools-for-stm32.13.3.rel1.win32_1.0.0.202411081344/tools/bin/../lib/gcc/arm-none-eabi/13.3.1/thumb/v7e-m+fp/hard\libgcc.a(_aeabi_uldivmod.o)
 .debug_frame   0x0000152c       0x34 D:/STM32CubeIDE_1.19.0/STM32CubeIDE/plugins/com.st.stm32cube.ide.mcu.externaltools.gnu-tools-for-stm32.13.3.rel1.win32_1.0.0.202411081344/tools/bin/../lib/gcc/arm-none-eabi/13.3.1/thumb/v7e-m+fp/hard\libgcc.a(_udivmoddi4.o)

.debug_line_str
                0x00000000       0x4a
 .debug_line_str
                0x00000000       0x4a ./Core/Startup/startup_stm32f407vgtx.o
