14:45:17 **** Incremental Build of configuration Debug for project ws3 ****
make -j12 all 
arm-none-eabi-size  ws3.elf 
   text	   data	    bss	    dec	    hex	filename
   9612	     12	   1652	  11276	   2c0c	ws3.elf
Finished building: default.size.stdout
 
14:45:50 **** Incremental Build of configuration Debug for project ws3 ****
make -j12 all 
arm-none-eabi-size  ws3.elf 
   text	   data	    bss	    dec	    hex	filename
   9612	     12	   1652	  11276	   2c0c	ws3.elf
Finished building: default.size.stdout
 
14:53:40 **** Incremental Build of configuration Debug for project ws3 ****
make -j12 all 
arm-none-eabi-size  ws3.elf 
   text	   data	    bss	    dec	    hex	filename
   9612	     12	   1652	  11276	   2c0c	ws3.elf
Finished building: default.size.stdout
 
14:53:53 **** Incremental Build of configuration Debug for project ws3 ****
make -j12 all 
arm-none-eabi-size  ws3.elf 
   text	   data	    bss	    dec	    hex	filename
   9612	     12	   1652	  11276	   2c0c	ws3.elf
Finished building: default.size.stdout
 
14:55:29 **** Incremental Build of configuration Debug for project ws3 ****
make -j12 all 
arm-none-eabi-size  ws3.elf 
   text	   data	    bss	    dec	    hex	filename
   9612	     12	   1652	  11276	   2c0c	ws3.elf
Finished building: default.size.stdout
 
14:56:51 **** Incremental Build of configuration Debug for project ws3 ****
make -j12 all 
arm-none-eabi-size  ws3.elf 
   text	   data	    bss	    dec	    hex	filename
   9612	     12	   1652	  11276	   2c0c	ws3.elf
Finished building: default.size.stdout
 
15:01:20 **** Incremental Build of configuration Debug for project ws3 ****
make -j12 all 
arm-none-eabi-size  ws3.elf 
   text	   data	    bss	    dec	    hex	filename
   9612	     12	   1652	  11276	   2c0c	ws3.elf
Finished building: default.size.stdout
 
