17:20:37 **** Incremental Build of configuration Debug for project ws1 ****
make -j12 all 
arm-none-eabi-gcc "../Core/Src/main.c" -mcpu=cortex-m4 -std=gnu11 -g3 -DDEBUG -DUSE_HAL_DRIVER -DSTM32F407xx -c -I../Core/Inc -I../Drivers/STM32F4xx_HAL_Driver/Inc -I../Drivers/STM32F4xx_HAL_Driver/Inc/Legacy -I../Drivers/CMSIS/Device/ST/STM32F4xx/Include -I../Drivers/CMSIS/Include -O0 -ffunction-sections -fdata-sections -Wall -fstack-usage -fcyclomatic-complexity -MMD -MP -MF"Core/Src/main.d" -MT"Core/Src/main.o" --specs=nano.specs -mfpu=fpv4-sp-d16 -mfloat-abi=hard -mthumb -o "Core/Src/main.o"
arm-none-eabi-gcc -o "ws1.elf" @"objects.list"   -mcpu=cortex-m4 -T"D:\3course\AK\workspace\ws1\STM32F407VGTX_FLASH.ld" --specs=nosys.specs -Wl,-Map="ws1.map" -Wl,--gc-sections -static --specs=nano.specs -mfpu=fpv4-sp-d16 -mfloat-abi=hard -mthumb -Wl,--start-group -lc -lm -Wl,--end-group
Finished building target: ws1.elf
 
arm-none-eabi-size  ws1.elf 
arm-none-eabi-objdump -h -S ws1.elf  > "ws1.list"
   text	   data	    bss	    dec	    hex	filename
   6160	     12	   1572	   7744	   1e40	ws1.elf
Finished building: default.size.stdout
 
Finished building: ws1.list
 

17:20:38 Build Finished. 0 errors, 0 warnings. (took 862ms)

